main.c:132:6:tick_frame	64	static
main.c:150:9:new_sprite	2176	static
main.c:356:6:sprite_add	48	static
main.c:377:9:get_sprite	48	static
main.c:391:10:new_ani_cmd	32	static
main.c:406:6:free_ani_cmd	48	static
main.c:425:5:parse_for_ani_cmd	336	static
main.c:506:6:new_ani	48	static
main.c:542:6:free_ani	48	static
main.c:559:6:ani_frame	80	static
main.c:625:6:reset_actor	16	static
main.c:656:6:reset_cam	16	static
main.c:664:6:clear_tilemap	16	static
main.c:676:11:new_tilemap	64	static
main.c:708:6:clear_render_sprites	48	static
main.c:728:17:new_chara_template	2160	static
main.c:798:16:new_sprite_active	48	static
main.c:811:15:new_chara_active	64	static
main.c:865:6:step_sprite_active	16	static
main.c:885:6:add_sprite_auto_shadow	144	static
main.c:1011:6:tilemap_box_modify	16	static
main.c:1021:6:render_rsprite_list	80	static
main.c:1036:6:render_tilemap	96	static
main.c:1084:6:render_text	96	static
main.c:1142:6:render_hud_health_left	160	dynamic,bounded
main.c:1209:6:chara_active_apply_dpos_clip	16	static
main.c:1222:6:actor_apply_delta_doclip	16	static
main.c:1235:6:actor_apply_delta_noclip	16	static
main.c:1245:6:reset_controller	16	static
main.c:1282:5:file_exists	32	static
main.c:1294:6:read_ctlr_from_file	48	static
main.c:1333:6:write_ctlr_to_file	48	static
main.c:1362:5:keys_get_first	16	static
main.c:1373:5:keys_null	16	static
main.c:1382:6:ctlr_update	16	static
main.c:1424:6:reset_sprite_active	16	static
main.c:1431:6:apply_dpos_chara_sprite_active	16	static
main.c:1441:9:new_world	32	static
main.c:1452:6:chara_template_add	48	static
main.c:1472:18:get_chara_template	48	static
main.c:1515:18:new_json_parse_node	48	static
main.c:1537:18:json_parse_mk_tree	352	static
main.c:1637:5:json_tree_get_int_from_obj	48	static
main.c:1652:19:json_tree_get_node_from_obj	48	static
main.c:1663:19:json_tree_get_node_from_arr	16	static
main.c:1673:6:json_tree_get_str_from_obj	64	static
main.c:1686:11:load_tilemap_from_json	480	dynamic,bounded
main.c:1834:8:new_room	2144	static
main.c:1867:6:room_add	48	static
main.c:1887:8:get_room	48	static
main.c:1900:5:get_room_idx	48	static
main.c:1915:8:get_room_by_idx	16	static
main.c:1931:6:new_placer	2160	static
main.c:2018:6:placer_add	32	static
main.c:2024:6:active_chara_sprite_tick_action_frame	64	static
main.c:2069:6:action_frame_check_if_hit	168	static
main.c:2074:6:action_frame_clear_chara	48	static
main.c:2099:5:main	1344	dynamic,bounded
