main.c:157:6:tick_frame	64	static
main.c:173:9:new_sprite	2176	static
main.c:379:6:sprite_add	48	static
main.c:400:9:get_sprite	48	static
main.c:414:10:new_ani_cmd	32	static
main.c:429:6:free_ani_cmd	48	static
main.c:448:5:parse_for_ani_cmd	336	static
main.c:529:6:new_ani	48	static
main.c:565:6:free_ani	48	static
main.c:582:6:ani_frame	80	static
main.c:648:6:reset_actor	16	static
main.c:679:6:reset_cam	16	static
main.c:687:6:clear_tilemap	16	static
main.c:699:11:new_tilemap	64	static
main.c:731:6:clear_render_sprites	48	static
main.c:751:17:new_chara_template	2160	static
main.c:821:16:new_sprite_active	48	static
main.c:834:15:new_chara_active	64	static
main.c:888:6:step_sprite_active	16	static
main.c:908:6:add_sprite_auto_shadow	144	static
main.c:1034:6:tilemap_box_modify	16	static
main.c:1044:6:render_rsprite_list	80	static
main.c:1059:6:render_tilemap	96	static
main.c:1107:6:render_text	96	static
main.c:1165:6:render_hud_health_left	160	dynamic,bounded
main.c:1232:6:chara_active_apply_dpos_clip	16	static
main.c:1245:6:actor_apply_delta_doclip	16	static
main.c:1258:6:actor_apply_delta_noclip	16	static
main.c:1268:6:reset_controller	16	static
main.c:1305:5:file_exists	32	static
main.c:1322:6:read_ctlr_from_file	48	static
main.c:1361:6:write_ctlr_to_file	48	static
main.c:1390:5:keys_get_first	16	static
main.c:1401:5:keys_null	16	static
main.c:1410:6:ctlr_update	16	static
main.c:1451:6:reset_sprite_active	16	static
main.c:1458:6:apply_dpos_chara_sprite_active	16	static
main.c:1468:9:new_world	32	static
main.c:1479:6:chara_template_add	48	static
main.c:1499:18:get_chara_template	48	static
main.c:1542:18:new_json_parse_node	48	static
main.c:1564:18:json_parse_mk_tree	352	static
main.c:1664:5:json_tree_get_int_from_obj	48	static
main.c:1679:19:json_tree_get_node_from_obj	48	static
main.c:1690:19:json_tree_get_node_from_arr	16	static
main.c:1698:6:json_tree_get_str_from_obj	64	static
main.c:1711:11:load_tilemap_from_json	480	dynamic,bounded
main.c:1881:8:new_room	2144	static
main.c:1914:6:room_add	48	static
main.c:1934:8:get_room	48	static
main.c:1947:5:get_room_idx	48	static
main.c:1962:8:get_room_by_idx	16	static
main.c:1978:6:new_placer	2160	static
main.c:2064:6:placer_add	32	static
main.c:2069:6:show_action_frames	96	static
main.c:2108:6:active_chara_sprite_tick_action_frame	64	static
main.c:2154:6:action_frame_check_if_hit	16	static
main.c:2159:6:action_frame_clear_chara	48	static
main.c:2184:5:main	1280	dynamic,bounded
