main.c:96:6:tick_frame	64	static
main.c:114:9:new_sprite	2176	static
main.c:359:18:new_sprite_lib_node	48	static
main.c:369:6:sprite_lib_add	48	static
main.c:391:9:sprite_lib_get_sprite	48	static
main.c:405:10:new_ani_cmd	32	static
main.c:420:6:free_ani_cmd	48	static
main.c:439:5:parse_for_ani_cmd	336	static
main.c:520:6:new_ani	48	static
main.c:556:6:free_ani	48	static
main.c:573:6:ani_frame	80	static
main.c:639:6:reset_actor	16	static
main.c:671:6:reset_cam	16	static
main.c:679:6:clear_tilemap	16	static
main.c:691:11:new_tilemap	48	static
main.c:716:6:clear_render_sprites	48	static
main.c:736:17:new_chara_template	2160	static
main.c:847:16:new_sprite_active	48	static
main.c:860:15:new_chara_active	64	static
main.c:894:6:step_sprite_active	16	static
main.c:914:6:add_sprite_auto_shadow	144	static
main.c:1040:6:tilemap_box_modify	16	static
main.c:1051:6:render_rsprite_list	80	static
main.c:1068:6:render_tilemap	96	static
main.c:1109:6:render_text	96	static
main.c:1167:6:render_hud_health_left	176	dynamic,bounded
main.c:1235:6:chara_active_apply_dpos_clip	16	static
main.c:1248:6:actor_apply_delta_doclip	16	static
main.c:1261:6:actor_apply_delta_noclip	16	static
main.c:1271:6:reset_controller	16	static
main.c:1296:5:file_exists	32	static
main.c:1308:6:read_ctlr_from_file	48	static
main.c:1348:6:write_ctlr_to_file	48	static
main.c:1377:5:keys_get_first	16	static
main.c:1388:5:keys_null	16	static
main.c:1397:6:ctlr_update	16	static
main.c:1438:6:reset_sprite_active	16	static
main.c:1445:6:apply_dpos_chara_sprite_active	16	static
main.c:1458:5:main	1440	dynamic,bounded
